.\night\bedroom_slippers.mp3
.\night\bench_fall.mp3
.\night\bumbum.mp3
.\night\Creak_of_cup_board_door.mp3
.\night\Creak_of_the_door.mp3
.\night\door.mp3
.\night\door_closing.mp3
.\night\dver.mp3
.\night\dver_skrip.MP3
.\night\dvercy_mebelnoi_stenki.mp3
.\night\elektricheskaya_lampochka_nachala_veka.mp3
.\night\flask_met.mp3
.\night\floor.mp3
.\night\foto.mp3
.\night\holl_skipuchaya_dver.mp3
.\night\kluchi (2).MP3
.\night\kluchi (3).MP3
.\night\kluchi.mp3
.\night\knife.mp3
.\night\lak.mp3
.\night\lamp.mp3
.\night\lighter.mp3
.\night\ljuminiscentnaja_lampa.mp3
.\night\lumpturn.mp3
.\night\metallicheskaja_kruzhka.mp3
.\night\otmychka.MP3
.\night\Pen.mp3
.\night\plastic_window.mp3
.\night\radio.mp3
.\night\spichki.mp3
.\night\steps_old_woman.mp3
.\night\stul.mp3
.\night\switch (2).mp3
.\night\switch.mp3
.\night\switch02.mp3
.\night\switch03.mp3
.\night\tapki_hlup.mp3
.\night\tashu_stol_po_polu.mp3
.\night\vukl_2.MP3
.\night\vukl_3.MP3
.\night\vukl_4.MP3
.\night\vukl_5.MP3
.\night\vykluchateli.MP3
.\night\Wardrobe.MP3
.\night\zanoveski.mp3
