.\BoomSosed\01 Ball.mp3
.\BoomSosed\02 Ball.mp3
.\BoomSosed\03 Ball.mp3
.\BoomSosed\04 Ball.mp3
.\BoomSosed\05 Ball.mp3
.\BoomSosed\06 Ball.mp3
.\BoomSosed\07 Ball.mp3
.\BoomSosed\08 Ball.mp3
.\BoomSosed\09 Ball.mp3
.\BoomSosed\10 Ball.mp3
.\BoomSosed\11 Ball.mp3
.\BoomSosed\13 Ball.mp3
.\BoomSosed\14 Ball.mp3
.\BoomSosed\15 Ball.mp3
.\BoomSosed\16 Ball.mp3
.\BoomSosed\17 Ball.mp3
.\BoomSosed\18 Ball.mp3
.\BoomSosed\19 Ball.mp3
.\BoomSosed\20 Ball.mp3
.\BoomSosed\21 Ball.mp3
.\BoomSosed\22 Ball.mp3
.\BoomSosed\23 Ball.mp3
.\BoomSosed\24 Ball.mp3
.\BoomSosed\25 Ball.mp3
.\BoomSosed\26 Ball.mp3
.\BoomSosed\27 Ball.mp3
.\BoomSosed\28 Ball.mp3
.\BoomSosed\29 Ball.mp3
.\BoomSosed\30 Ball.mp3
.\BoomSosed\31 Ball.mp3
.\BoomSosed\32 Ball.mp3
.\BoomSosed\33 Ball.mp3
.\BoomSosed\34 Ball.mp3
.\BoomSosed\35 Ball.mp3
.\BoomSosed\36 Ball.mp3
.\BoomSosed\37 Ball.mp3
.\BoomSosed\38 Ball.mp3
.\BoomSosed\39 Ball.mp3
.\BoomSosed\40 Ball.mp3
.\BoomSosed\41 Ball.mp3
.\BoomSosed\42 Ball.mp3
.\BoomSosed\43 Ball.mp3
.\BoomSosed\44 Ball.mp3
