.\BoomSosed\01 door.mp3
.\BoomSosed\02 door.mp3
.\BoomSosed\03 door.mp3
.\BoomSosed\04 door.mp3
.\BoomSosed\05 door.mp3
.\BoomSosed\06 door.mp3
.\BoomSosed\07 door.mp3
.\BoomSosed\08 door.mp3
.\BoomSosed\09 door.mp3
.\BoomSosed\10 door.mp3
.\BoomSosed\11 door.mp3
.\BoomSosed\12 door.mp3
.\BoomSosed\13 door.mp3
.\BoomSosed\14 door.mp3
.\BoomSosed\15 door.mp3
.\BoomSosed\16 door.mp3
.\BoomSosed\17 door.mp3
.\BoomSosed\18 door.mp3
.\BoomSosed\19 door.mp3
.\BoomSosed\20 door.mp3
.\BoomSosed\21 door.mp3
.\BoomSosed\22 door.mp3
.\BoomSosed\23 door.mp3
.\BoomSosed\24 door.mp3
.\BoomSosed\25 door.mp3
.\BoomSosed\26 door.mp3
.\BoomSosed\27 door.mp3
.\BoomSosed\28 door.mp3
.\BoomSosed\29 door.mp3
.\BoomSosed\30 door.mp3
.\BoomSosed\31 door.mp3
.\BoomSosed\32 door.mp3
.\BoomSosed\33 door.mp3
.\BoomSosed\34 door.mp3
.\BoomSosed\35 door.mp3
.\BoomSosed\36 door.mp3
.\BoomSosed\37 door.mp3
.\BoomSosed\38 door.mp3
.\BoomSosed\39 door.mp3
.\BoomSosed\40 door.mp3
.\BoomSosed\41 door.mp3
.\BoomSosed\42 door.mp3
.\BoomSosed\43 door.mp3
.\BoomSosed\44 door.mp3
.\BoomSosed\45 door.mp3
.\BoomSosed\46 door.mp3
.\BoomSosed\47 door.mp3
.\BoomSosed\48 door.mp3
.\BoomSosed\49 door.mp3
.\BoomSosed\50 door.mp3
.\BoomSosed\51 door.mp3
.\BoomSosed\52 door.mp3
.\BoomSosed\53 door.mp3
.\BoomSosed\54 door.mp3
.\BoomSosed\55 door.mp3
.\BoomSosed\56 door.mp3
.\BoomSosed\57 door.mp3
.\BoomSosed\58 door.mp3
.\BoomSosed\59 door.mp3
.\BoomSosed\60 door.mp3
.\BoomSosed\61 door.mp3
.\BoomSosed\62 door.mp3
.\BoomSosed\63 door.mp3
.\BoomSosed\64 door.mp3
.\BoomSosed\65 door.mp3
.\BoomSosed\66 door.mp3
.\BoomSosed\67 door.mp3
.\BoomSosed\68 door.mp3
.\BoomSosed\69 door.mp3
.\BoomSosed\70 door.mp3
.\BoomSosed\71 door.mp3
.\BoomSosed\72 door.mp3
.\BoomSosed\73 door.mp3
.\BoomSosed\74 door.mp3
.\BoomSosed\75 door.mp3
.\BoomSosed\76 door.mp3
.\BoomSosed\77 door.mp3
.\BoomSosed\78 door.mp3
.\BoomSosed\79 door.mp3
.\BoomSosed\80 door.mp3
.\BoomSosed\81 door.mp3
.\BoomSosed\82 door.mp3
.\BoomSosed\83 door.mp3
.\BoomSosed\84 door.mp3
.\BoomSosed\85 door.mp3
.\BoomSosed\86 door.mp3
.\BoomSosed\87 door.mp3
.\BoomSosed\88 door.mp3
.\BoomSosed\89 door.mp3
.\BoomSosed\90 door.mp3
.\BoomSosed\91 door.mp3
.\BoomSosed\92 door.mp3
