BOOMÑîñåä
RND 1
C:\Program Files\Borland\Delphi7\Projects\Sosed\COLLECTIONS\01 door.mp3
1
C:\Program Files\Borland\Delphi7\Projects\Sosed\COLLECTIONS\02 door.mp3
1
C:\Program Files\Borland\Delphi7\Projects\Sosed\COLLECTIONS\03 door.mp3
1
C:\Program Files\Borland\Delphi7\Projects\Sosed\COLLECTIONS\04 door.mp3
1
C:\Program Files\Borland\Delphi7\Projects\Sosed\COLLECTIONS\05 door.mp3
1
C:\Program Files\Borland\Delphi7\Projects\Sosed\COLLECTIONS\06 door.mp3
1
C:\Program Files\Borland\Delphi7\Projects\Sosed\COLLECTIONS\07 door.mp3
1
C:\Program Files\Borland\Delphi7\Projects\Sosed\COLLECTIONS\08 door.mp3
1
C:\Program Files\Borland\Delphi7\Projects\Sosed\COLLECTIONS\09 door.mp3
1
C:\Program Files\Borland\Delphi7\Projects\Sosed\COLLECTIONS\10 door.mp3
1
C:\Program Files\Borland\Delphi7\Projects\Sosed\COLLECTIONS\11 door.mp3
1
C:\Program Files\Borland\Delphi7\Projects\Sosed\COLLECTIONS\12 door.mp3
1
C:\Program Files\Borland\Delphi7\Projects\Sosed\COLLECTIONS\13 door.mp3
1
C:\Program Files\Borland\Delphi7\Projects\Sosed\COLLECTIONS\14 door.mp3
1
C:\Program Files\Borland\Delphi7\Projects\Sosed\COLLECTIONS\15 door.mp3
1
C:\Program Files\Borland\Delphi7\Projects\Sosed\COLLECTIONS\16 door.mp3
1
C:\Program Files\Borland\Delphi7\Projects\Sosed\COLLECTIONS\17 door.mp3
1
C:\Program Files\Borland\Delphi7\Projects\Sosed\COLLECTIONS\18 door.mp3
1
C:\Program Files\Borland\Delphi7\Projects\Sosed\COLLECTIONS\19 door.mp3
1
C:\Program Files\Borland\Delphi7\Projects\Sosed\COLLECTIONS\20 door.mp3
1
C:\Program Files\Borland\Delphi7\Projects\Sosed\COLLECTIONS\21 door.mp3
1
C:\Program Files\Borland\Delphi7\Projects\Sosed\COLLECTIONS\22 door.mp3
1
C:\Program Files\Borland\Delphi7\Projects\Sosed\COLLECTIONS\23 door.mp3
1
C:\Program Files\Borland\Delphi7\Projects\Sosed\COLLECTIONS\24 door.mp3
1
C:\Program Files\Borland\Delphi7\Projects\Sosed\COLLECTIONS\25 door.mp3
1
C:\Program Files\Borland\Delphi7\Projects\Sosed\COLLECTIONS\26 door.mp3
1
C:\Program Files\Borland\Delphi7\Projects\Sosed\COLLECTIONS\27 door.mp3
1
C:\Program Files\Borland\Delphi7\Projects\Sosed\COLLECTIONS\28 door.mp3
1
C:\Program Files\Borland\Delphi7\Projects\Sosed\COLLECTIONS\29 door.mp3
1
C:\Program Files\Borland\Delphi7\Projects\Sosed\COLLECTIONS\30 door.mp3
1
C:\Program Files\Borland\Delphi7\Projects\Sosed\COLLECTIONS\31 door.mp3
1
C:\Program Files\Borland\Delphi7\Projects\Sosed\COLLECTIONS\32 door.mp3
1
C:\Program Files\Borland\Delphi7\Projects\Sosed\COLLECTIONS\33 door.mp3
1
C:\Program Files\Borland\Delphi7\Projects\Sosed\COLLECTIONS\34 door.mp3
1
C:\Program Files\Borland\Delphi7\Projects\Sosed\COLLECTIONS\35 door.mp3
1
C:\Program Files\Borland\Delphi7\Projects\Sosed\COLLECTIONS\36 door.mp3
1
C:\Program Files\Borland\Delphi7\Projects\Sosed\COLLECTIONS\37 door.mp3
1
C:\Program Files\Borland\Delphi7\Projects\Sosed\COLLECTIONS\38 door.mp3
1
C:\Program Files\Borland\Delphi7\Projects\Sosed\COLLECTIONS\39 door.mp3
1
C:\Program Files\Borland\Delphi7\Projects\Sosed\COLLECTIONS\40 door.mp3
1
C:\Program Files\Borland\Delphi7\Projects\Sosed\COLLECTIONS\41 door.mp3
1
C:\Program Files\Borland\Delphi7\Projects\Sosed\COLLECTIONS\42 door.mp3
1
C:\Program Files\Borland\Delphi7\Projects\Sosed\COLLECTIONS\43 door.mp3
1
C:\Program Files\Borland\Delphi7\Projects\Sosed\COLLECTIONS\44 door.mp3
1
C:\Program Files\Borland\Delphi7\Projects\Sosed\COLLECTIONS\45 door.mp3
1
C:\Program Files\Borland\Delphi7\Projects\Sosed\COLLECTIONS\46 door.mp3
1
C:\Program Files\Borland\Delphi7\Projects\Sosed\COLLECTIONS\47 door.mp3
1
C:\Program Files\Borland\Delphi7\Projects\Sosed\COLLECTIONS\48 door.mp3
1
C:\Program Files\Borland\Delphi7\Projects\Sosed\COLLECTIONS\49 door.mp3
1
C:\Program Files\Borland\Delphi7\Projects\Sosed\COLLECTIONS\50 door.mp3
1
C:\Program Files\Borland\Delphi7\Projects\Sosed\COLLECTIONS\51 door.mp3
1
C:\Program Files\Borland\Delphi7\Projects\Sosed\COLLECTIONS\52 door.mp3
1
C:\Program Files\Borland\Delphi7\Projects\Sosed\COLLECTIONS\53 door.mp3
1
C:\Program Files\Borland\Delphi7\Projects\Sosed\COLLECTIONS\54 door.mp3
1
C:\Program Files\Borland\Delphi7\Projects\Sosed\COLLECTIONS\55 door.mp3
1
C:\Program Files\Borland\Delphi7\Projects\Sosed\COLLECTIONS\56 door.mp3
1
C:\Program Files\Borland\Delphi7\Projects\Sosed\COLLECTIONS\57 door.mp3
1
C:\Program Files\Borland\Delphi7\Projects\Sosed\COLLECTIONS\58 door.mp3
1
C:\Program Files\Borland\Delphi7\Projects\Sosed\COLLECTIONS\59 door.mp3
1
C:\Program Files\Borland\Delphi7\Projects\Sosed\COLLECTIONS\60 door.mp3
1
C:\Program Files\Borland\Delphi7\Projects\Sosed\COLLECTIONS\61 door.mp3
1
C:\Program Files\Borland\Delphi7\Projects\Sosed\COLLECTIONS\62 door.mp3
1
C:\Program Files\Borland\Delphi7\Projects\Sosed\COLLECTIONS\63 door.mp3
1
C:\Program Files\Borland\Delphi7\Projects\Sosed\COLLECTIONS\64 door.mp3
1
C:\Program Files\Borland\Delphi7\Projects\Sosed\COLLECTIONS\65 door.mp3
1
C:\Program Files\Borland\Delphi7\Projects\Sosed\COLLECTIONS\66 door.mp3
1
C:\Program Files\Borland\Delphi7\Projects\Sosed\COLLECTIONS\67 door.mp3
1
C:\Program Files\Borland\Delphi7\Projects\Sosed\COLLECTIONS\68 door.mp3
1
C:\Program Files\Borland\Delphi7\Projects\Sosed\COLLECTIONS\69 door.mp3
1
C:\Program Files\Borland\Delphi7\Projects\Sosed\COLLECTIONS\70 door.mp3
1
C:\Program Files\Borland\Delphi7\Projects\Sosed\COLLECTIONS\71 door.mp3
1
C:\Program Files\Borland\Delphi7\Projects\Sosed\COLLECTIONS\72 door.mp3
1
C:\Program Files\Borland\Delphi7\Projects\Sosed\COLLECTIONS\73 door.mp3
1
C:\Program Files\Borland\Delphi7\Projects\Sosed\COLLECTIONS\74 door.mp3
1
C:\Program Files\Borland\Delphi7\Projects\Sosed\COLLECTIONS\75 door.mp3
1
C:\Program Files\Borland\Delphi7\Projects\Sosed\COLLECTIONS\76 door.mp3
1
C:\Program Files\Borland\Delphi7\Projects\Sosed\COLLECTIONS\77 door.mp3
1
C:\Program Files\Borland\Delphi7\Projects\Sosed\COLLECTIONS\78 door.mp3
1
C:\Program Files\Borland\Delphi7\Projects\Sosed\COLLECTIONS\79 door.mp3
1
C:\Program Files\Borland\Delphi7\Projects\Sosed\COLLECTIONS\80 door.mp3
1
C:\Program Files\Borland\Delphi7\Projects\Sosed\COLLECTIONS\81 door.mp3
1
C:\Program Files\Borland\Delphi7\Projects\Sosed\COLLECTIONS\82 door.mp3
1
C:\Program Files\Borland\Delphi7\Projects\Sosed\COLLECTIONS\83 door.mp3
1
C:\Program Files\Borland\Delphi7\Projects\Sosed\COLLECTIONS\84 door.mp3
1
C:\Program Files\Borland\Delphi7\Projects\Sosed\COLLECTIONS\85 door.mp3
1
C:\Program Files\Borland\Delphi7\Projects\Sosed\COLLECTIONS\86 door.mp3
1
C:\Program Files\Borland\Delphi7\Projects\Sosed\COLLECTIONS\87 door.mp3
1
C:\Program Files\Borland\Delphi7\Projects\Sosed\COLLECTIONS\88 door.mp3
1
C:\Program Files\Borland\Delphi7\Projects\Sosed\COLLECTIONS\89 door.mp3
1
C:\Program Files\Borland\Delphi7\Projects\Sosed\COLLECTIONS\90 door.mp3
1
C:\Program Files\Borland\Delphi7\Projects\Sosed\COLLECTIONS\91 door.mp3
1
C:\Program Files\Borland\Delphi7\Projects\Sosed\COLLECTIONS\92 door.mp3
1
