BOOMÑîñåä
RND 1
C:\Program Files\Borland\Delphi7\Projects\Sosed\Release\COLLECTIONS\01 Ball.mp3
1
C:\Program Files\Borland\Delphi7\Projects\Sosed\Release\COLLECTIONS\02 Ball.mp3
1
C:\Program Files\Borland\Delphi7\Projects\Sosed\Release\COLLECTIONS\03 Ball.mp3
1
C:\Program Files\Borland\Delphi7\Projects\Sosed\Release\COLLECTIONS\04 Ball.mp3
1
C:\Program Files\Borland\Delphi7\Projects\Sosed\Release\COLLECTIONS\05 Ball.mp3
1
C:\Program Files\Borland\Delphi7\Projects\Sosed\Release\COLLECTIONS\06 Ball.mp3
1
C:\Program Files\Borland\Delphi7\Projects\Sosed\Release\COLLECTIONS\07 Ball.mp3
1
C:\Program Files\Borland\Delphi7\Projects\Sosed\Release\COLLECTIONS\08 Ball.mp3
1
C:\Program Files\Borland\Delphi7\Projects\Sosed\Release\COLLECTIONS\09 Ball.mp3
1
C:\Program Files\Borland\Delphi7\Projects\Sosed\Release\COLLECTIONS\10 Ball.mp3
1
C:\Program Files\Borland\Delphi7\Projects\Sosed\Release\COLLECTIONS\11 Ball.mp3
1
C:\Program Files\Borland\Delphi7\Projects\Sosed\Release\COLLECTIONS\13 Ball.mp3
1
C:\Program Files\Borland\Delphi7\Projects\Sosed\Release\COLLECTIONS\14 Ball.mp3
1
C:\Program Files\Borland\Delphi7\Projects\Sosed\Release\COLLECTIONS\15 Ball.mp3
1
C:\Program Files\Borland\Delphi7\Projects\Sosed\Release\COLLECTIONS\16 Ball.mp3
1
C:\Program Files\Borland\Delphi7\Projects\Sosed\Release\COLLECTIONS\17 Ball.mp3
1
C:\Program Files\Borland\Delphi7\Projects\Sosed\Release\COLLECTIONS\18 Ball.mp3
1
C:\Program Files\Borland\Delphi7\Projects\Sosed\Release\COLLECTIONS\19 Ball.mp3
1
C:\Program Files\Borland\Delphi7\Projects\Sosed\Release\COLLECTIONS\20 Ball.mp3
1
C:\Program Files\Borland\Delphi7\Projects\Sosed\Release\COLLECTIONS\21 Ball.mp3
1
C:\Program Files\Borland\Delphi7\Projects\Sosed\Release\COLLECTIONS\22 Ball.mp3
1
C:\Program Files\Borland\Delphi7\Projects\Sosed\Release\COLLECTIONS\23 Ball.mp3
1
C:\Program Files\Borland\Delphi7\Projects\Sosed\Release\COLLECTIONS\24 Ball.mp3
1
C:\Program Files\Borland\Delphi7\Projects\Sosed\Release\COLLECTIONS\25 Ball.mp3
1
C:\Program Files\Borland\Delphi7\Projects\Sosed\Release\COLLECTIONS\26 Ball.mp3
1
C:\Program Files\Borland\Delphi7\Projects\Sosed\Release\COLLECTIONS\27 Ball.mp3
1
C:\Program Files\Borland\Delphi7\Projects\Sosed\Release\COLLECTIONS\28 Ball.mp3
1
C:\Program Files\Borland\Delphi7\Projects\Sosed\Release\COLLECTIONS\29 Ball.mp3
1
C:\Program Files\Borland\Delphi7\Projects\Sosed\Release\COLLECTIONS\30 Ball.mp3
1
C:\Program Files\Borland\Delphi7\Projects\Sosed\Release\COLLECTIONS\31 Ball.mp3
1
C:\Program Files\Borland\Delphi7\Projects\Sosed\Release\COLLECTIONS\32 Ball.mp3
1
C:\Program Files\Borland\Delphi7\Projects\Sosed\Release\COLLECTIONS\33 Ball.mp3
1
C:\Program Files\Borland\Delphi7\Projects\Sosed\Release\COLLECTIONS\34 Ball.mp3
1
C:\Program Files\Borland\Delphi7\Projects\Sosed\Release\COLLECTIONS\35 Ball.mp3
1
C:\Program Files\Borland\Delphi7\Projects\Sosed\Release\COLLECTIONS\36 Ball.mp3
1
C:\Program Files\Borland\Delphi7\Projects\Sosed\Release\COLLECTIONS\37 Ball.mp3
1
C:\Program Files\Borland\Delphi7\Projects\Sosed\Release\COLLECTIONS\38 Ball.mp3
1
C:\Program Files\Borland\Delphi7\Projects\Sosed\Release\COLLECTIONS\39 Ball.mp3
1
C:\Program Files\Borland\Delphi7\Projects\Sosed\Release\COLLECTIONS\40 Ball.mp3
1
C:\Program Files\Borland\Delphi7\Projects\Sosed\Release\COLLECTIONS\41 Ball.mp3
1
C:\Program Files\Borland\Delphi7\Projects\Sosed\Release\COLLECTIONS\42 Ball.mp3
1
C:\Program Files\Borland\Delphi7\Projects\Sosed\Release\COLLECTIONS\43 Ball.mp3
1
C:\Program Files\Borland\Delphi7\Projects\Sosed\Release\COLLECTIONS\44 Ball.mp3
1
